using System.ComponentModel.DataAnnotations;
using System.ComponentModel.DataAnnotations.Schema;
using System.Collections.Generic;

[Table("Customers")]
public class Customer
{
    [Key]
    [Column("Id")]
    public int Id { get; set; }

    [InverseProperty(nameof(Order.Customer))]
    [ForeignKey("Id")]
    public List<Order> Orders { get; set; } = new();

}

[Table("Orders")]
public class Order
{
    [Key]
    [Column("Id")]
    public int Id { get; set; }

    [Column("CustomerId")]
    public int CustomerId { get; set; }

    [InverseProperty(nameof(Customer.Orders))]
    [ForeignKey("CustomerId")]
    public Customer Customer { get; set; }

}
