using Microsoft.EntityFrameworkCore;
using Microsoft.EntityFrameworkCore.Metadata.Builders;

public class CustomerConfiguration : IEntityTypeConfiguration<Customer>
{
    public void Configure(EntityTypeBuilder<Customer> builder)
    {
        builder.ToTable("Customers");
        builder.HasKey(e => e.Id);
        builder.Property(e => e.Id)
            .HasColumnName("Id")
            .ValueGeneratedOnAdd();
        builder.HasMany(e => e.Orders)
            .WithOne()
            .HasForeignKey(e => e.CustomerId);
    }
}

public class OrderConfiguration : IEntityTypeConfiguration<Order>
{
    public void Configure(EntityTypeBuilder<Order> builder)
    {
        builder.ToTable("Orders");
        builder.HasKey(e => e.Id);
        builder.Property(e => e.Id)
            .HasColumnName("Id")
            .ValueGeneratedOnAdd();
        builder.Property(e => e.CustomerId)
            .HasColumnName("CustomerId");
        builder.HasOne(e => e.Customer)
            .WithMany()
            .HasForeignKey(e => e.CustomerId);
    }
}
