using System.Collections.Generic;

public class Customer
{
    public int Id { get; set; }

    public List<Order> Orders { get; set; } = new();

}

public class Order
{
    public int Id { get; set; }

    public int CustomerId { get; set; }

    public Customer Customer { get; set; }

}
