using System.ComponentModel.DataAnnotations;
using System.ComponentModel.DataAnnotations.Schema;
using System.Collections.Generic;

[Table("Customer")]
public class Customer
{
    [Key]
    [Column("Id")]
    public int Id { get; set; }

    [Column("Name", TypeName = "NVARCHAR(50)")]
    public string Name { get; set; }

    public List<Order> Orders { get; set; } = new();

}

[Table("Order")]
public class Order
{
    [Key]
    [Column("Id")]
    public int Id { get; set; }

    [Column("CustomerId")]
    public int CustomerId { get; set; }

    [ForeignKey("CustomerId")]
    public Customer Customer { get; set; }

}
