using Microsoft.EntityFrameworkCore;
using Microsoft.EntityFrameworkCore.Metadata.Builders;

public class OrderItemConfiguration : IEntityTypeConfiguration<OrderItem>
{
    public void Configure(EntityTypeBuilder<OrderItem> builder)
    {
        builder.ToTable("OrderItem");
        builder.HasKey(e => new { e.OrderId, e.ProductId });
        builder.Property(e => e.OrderId)
            .HasColumnName("OrderId")
            .IsRequired();
        builder.Property(e => e.ProductId)
            .HasColumnName("ProductId")
            .IsRequired();
        builder.Property(e => e.Quantity)
            .HasColumnName("Quantity")
            .IsRequired();
    }
}
