using Microsoft.EntityFrameworkCore;

public class NorthwindDataContext : DbContext
{
    public DbSet<Customer> Customers { get; set; }
    public DbSet<Order> Orders { get; set; }
}
