using System.Collections.Generic;

public class Customer
{
    public int CustomerID { get; set; }

    public string CompanyName { get; set; }

    public string? ContactName { get; set; }

    public int? Age { get; set; }

    public string CustomerType { get; set; }

}

public class Order
{
    public int OrderID { get; set; }

    public int CustomerID { get; set; }

    public string? Description { get; set; }

    public decimal? Amount { get; set; }

    public string Status { get; set; }

}

public class PreferredCustomer : Customer
{
    public string? LoyaltyId { get; set; }

}
