using Microsoft.EntityFrameworkCore;

public class NorthwindDataSet : DbContext
{
    public DbSet<Customers> Customers { get; set; }
}
