using System.Collections.Generic;

public class Customers
{
    public int CustomerID { get; set; }

    public string CompanyName { get; set; }

    public string? ContactName { get; set; }

}

public class Orders
{
    public int OrderID { get; set; }

    public int? CustomerID { get; set; }

    public string Description { get; set; }

    public string? Notes { get; set; }

}
