using Microsoft.EntityFrameworkCore;

public class DemoContext : DbContext
{
    public DbSet<Doc> Docs { get; set; }

    protected override void OnModelCreating(ModelBuilder modelBuilder)
    {
        modelBuilder.ApplyConfiguration(new DocConfiguration());
        modelBuilder.Entity<Doc>().ToTable("Docs", "legacy");
    }
}
