<hibernate-mapping xmlns="urn:nhibernate-mapping-2.2">
  <class name="Course" table="Courses">
    <id name="Id" column="Id" type="Int32">
      <generator class="native"/>
    </id>
    <bag name="Students" table="StudentCourse">
      <key column="CourseId"/>
      <many-to-many class="Student" column="StudentId"/>
    </bag>
  </class>
</hibernate-mapping>
