using System.Collections.Generic;

public class Course
{
    public int Id { get; set; }

    public List<Student> Students { get; set; } = new();

}

public class Student
{
    public int Id { get; set; }

    public List<Course> Courses { get; set; } = new();

}
