using Microsoft.EntityFrameworkCore;
using Microsoft.EntityFrameworkCore.Metadata.Builders;

public class CompositeTableConfiguration : IEntityTypeConfiguration<CompositeTable>
{
    public void Configure(EntityTypeBuilder<CompositeTable> builder)
    {
        builder.ToTable("CompositeTable");
        builder.HasKey(e => new { e.KeyPart1, e.KeyPart2 });
        builder.Property(e => e.KeyPart1)
            .HasColumnName("KeyPart1")
            .IsRequired();
        builder.Property(e => e.KeyPart2)
            .HasColumnName("KeyPart2")
            .IsRequired();
        builder.Property(e => e.Name)
            .HasColumnName("Name")
            .HasColumnType("NVARCHAR(50)")
            .IsRequired(false);
    }
}

public class IdentityTableConfiguration : IEntityTypeConfiguration<IdentityTable>
{
    public void Configure(EntityTypeBuilder<IdentityTable> builder)
    {
        builder.ToTable("IdentityTable");
        builder.HasKey(e => e.Id);
        builder.Property(e => e.Id)
            .HasColumnName("Id")
            .ValueGeneratedOnAdd()
            .IsRequired();
        builder.Property(e => e.Name)
            .HasColumnName("Name")
            .HasColumnType("NVARCHAR(50)")
            .IsRequired();
    }
}
