using Microsoft.EntityFrameworkCore;
using System.Linq;

public class NHibernateDemoContext : DbContext
{
    public DbSet<Customer> Customers { get; set; }
    public DbSet<Order> Orders { get; set; }

    protected override void OnModelCreating(ModelBuilder modelBuilder)
    {
        modelBuilder.ApplyConfiguration(new CustomerConfiguration());
        modelBuilder.ApplyConfiguration(new OrderConfiguration());
    }

    public IQueryable<Order> GetOrdersByCustomer() =>
        FromExpression(() => GetOrdersByCustomer());
}
