using System.Collections.Generic;

public class Customer
{
    public int Id { get; set; }

    public string Name { get; set; }

    public int? Age { get; set; }

}

public class Employee : Person
{
    public string? Department { get; set; }

}

public class Order
{
    public int Id { get; set; }

    public int CustomerId { get; set; }

    public string Description { get; set; }

    public string? Notes { get; set; }

}

public class Person
{
    public int Id { get; set; }

    public string Name { get; set; }

}
